  Determining projects to restore...
  All projects are up-to-date for restore.
  InventoryTrackingSystem.Domain -> C:\Users\MohamedRaashidBISTEC\OneDrive - BISTEC Global\Documents\specclaw project\modernized-inventory-system\api\src\InventoryTrackingSystem.Domain\bin\Debug\net8.0\InventoryTrackingSystem.Domain.dll
  InventoryTrackingSystem.Infrastructure -> C:\Users\MohamedRaashidBISTEC\OneDrive - BISTEC Global\Documents\specclaw project\modernized-inventory-system\api\src\InventoryTrackingSystem.Infrastructure\bin\Debug\net8.0\InventoryTrackingSystem.Infrastructure.dll
  InventoryTrackingSystem.Api -> C:\Users\MohamedRaashidBISTEC\OneDrive - BISTEC Global\Documents\specclaw project\modernized-inventory-system\api\src\InventoryTrackingSystem.Api\bin\Debug\net8.0\InventoryTrackingSystem.Api.dll
  InventoryTrackingSystem.Api.Tests -> C:\Users\MohamedRaashidBISTEC\OneDrive - BISTEC Global\Documents\specclaw project\modernized-inventory-system\api\tests\InventoryTrackingSystem.Api.Tests\bin\Debug\net8.0\InventoryTrackingSystem.Api.Tests.dll

Build succeeded.
    0 Warning(s)
    0 Error(s)

Time Elapsed 00:00:10.99

> inventory-tracking-system-web@0.0.0 build
> tsc -b && vite build

[36mvite v5.4.21 [32mbuilding for production...[36m[39m
transforming...
[32m✓[39m 64 modules transformed.
rendering chunks...
computing gzip size...
[2mdist/[22m[32mindex.html                 [39m[1m[2m  0.41 kB[22m[1m[22m[2m │ gzip:  0.27 kB[22m
[2mdist/[22m[35massets/index-C_52puVS.css  [39m[1m[2m  6.65 kB[22m[1m[22m[2m │ gzip:  1.02 kB[22m
[2mdist/[22m[36massets/index-CyceDwIf.js   [39m[1m[2m183.44 kB[22m[1m[22m[2m │ gzip: 57.29 kB[22m
[32m✓ built in 3.38s[39m
