Building...
dbug: Microsoft.Extensions.Hosting.Internal.Host[1]
      Hosting starting
info: Microsoft.Hosting.Lifetime[14]
      Now listening on: http://localhost:5080
info: Microsoft.Hosting.Lifetime[0]
      Application started. Press Ctrl+C to shut down.
info: Microsoft.Hosting.Lifetime[0]
      Hosting environment: Development
info: Microsoft.Hosting.Lifetime[0]
      Content root path: C:\Users\MohamedRaashidBISTEC\OneDrive - BISTEC Global\Documents\specclaw project\modernized-inventory-system\api\src\InventoryTrackingSystem.Api
dbug: Microsoft.Extensions.Hosting.Internal.Host[2]
      Hosting started
info: Microsoft.AspNetCore.Hosting.Diagnostics[1]
      Request starting HTTP/1.1 GET http://localhost:5080/api/health - - -
info: Microsoft.AspNetCore.Routing.EndpointMiddleware[0]
      Executing endpoint 'InventoryTrackingSystem.Api.Controllers.HealthController.Get (InventoryTrackingSystem.Api)'
info: Microsoft.AspNetCore.Mvc.Infrastructure.ControllerActionInvoker[102]
      Route matched with {action = "Get", controller = "Health"}. Executing controller action with signature Microsoft.AspNetCore.Mvc.IActionResult Get() on controller InventoryTrackingSystem.Api.Controllers.HealthController (InventoryTrackingSystem.Api).
info: Microsoft.AspNetCore.Mvc.Infrastructure.ObjectResultExecutor[1]
      Executing OkObjectResult, writing value of type '<>f__AnonymousType0`1[[System.String, System.Private.CoreLib, Version=8.0.0.0, Culture=neutral, PublicKeyToken=7cec85d7bea7798e]]'.
info: Microsoft.AspNetCore.Mvc.Infrastructure.ControllerActionInvoker[105]
      Executed action InventoryTrackingSystem.Api.Controllers.HealthController.Get (InventoryTrackingSystem.Api) in 13.1504ms
info: Microsoft.AspNetCore.Routing.EndpointMiddleware[1]
      Executed endpoint 'InventoryTrackingSystem.Api.Controllers.HealthController.Get (InventoryTrackingSystem.Api)'
{"status":"ok"}info: Microsoft.AspNetCore.Hosting.Diagnostics[2]
      Request finished HTTP/1.1 GET http://localhost:5080/api/health - 200 - application/json;+charset=utf-8 44.8193ms
